[2026-05-27T21:04:16.089Z] sessionId: ATUid_212fbdbc549ff79ef8fc8e24a1d1f761 | serviceCode: *384*46665# | phone: +447417449196 | text: 
[2026-05-27T21:04:22.402Z] sessionId: ATUid_212fbdbc549ff79ef8fc8e24a1d1f761 | serviceCode: *384*46665# | phone: +447417449196 | text: 1
[2026-05-27T21:04:32.053Z] sessionId: ATUid_25e5bef2769ab0a7c6c6b49a9a875681 | serviceCode: *384*46665# | phone: +447417449196 | text: 
[2026-05-27T21:04:37.055Z] sessionId: ATUid_25e5bef2769ab0a7c6c6b49a9a875681 | serviceCode: *384*46665# | phone: +447417449196 | text: 2
[2026-05-27T21:28:27.501Z] sessionId: ATUid_f9c1e561d9ac02450954386107d4b87c | serviceCode: *384*46665# | phone: +447417449196 | text: 
[2026-05-27T21:30:12.252Z] sessionId: ATUid_fff7116d9f70e1bf44547c78f794a715 | serviceCode: *384*46665# | phone: +447417449196 | text: 
[2026-05-27T21:30:15.817Z] sessionId: ATUid_fff7116d9f70e1bf44547c78f794a715 | serviceCode: *384*46665# | phone: +447417449196 | text: 1
[2026-05-27T21:30:22.292Z] sessionId: ATUid_aa812469cb6fa7f315055e7da3d42d5a | serviceCode: *384*46665# | phone: +447417449196 | text: 
[2026-05-27T21:30:25.055Z] sessionId: ATUid_aa812469cb6fa7f315055e7da3d42d5a | serviceCode: *384*46665# | phone: +447417449196 | text: 2
[2026-05-27T21:30:30.786Z] sessionId: ATUid_430f03573243f4ac592abcd977b0ec70 | serviceCode: *384*46665# | phone: +447417449196 | text: 
[2026-05-27T21:30:34.309Z] sessionId: ATUid_430f03573243f4ac592abcd977b0ec70 | serviceCode: *384*46665# | phone: +447417449196 | text: 3
[2026-05-27T21:30:44.521Z] sessionId: ATUid_fa7310e2171104e2189164b29d96c6d4 | serviceCode: *384*46665# | phone: +447417449196 | text: 
[2026-05-27T21:30:47.878Z] sessionId: ATUid_fa7310e2171104e2189164b29d96c6d4 | serviceCode: *384*46665# | phone: +447417449196 | text: 4
[2026-05-27T21:31:11.773Z] sessionId: ATUid_82946196959d08e16e31857aa8884903 | serviceCode: *384*46665# | phone: +447417449196 | text: 
[2026-05-27T21:31:16.658Z] sessionId: ATUid_82946196959d08e16e31857aa8884903 | serviceCode: *384*46665# | phone: +447417449196 | text: 4
[2026-05-31T10:58:06.728Z] sessionId: ATUid_89c4f94f8abe3bb87f5ef7a43f93b515 | serviceCode: *384*46665# | phone: +447417449196 | text: 
[2026-05-31T10:58:11.230Z] sessionId: ATUid_89c4f94f8abe3bb87f5ef7a43f93b515 | serviceCode: *384*46665# | phone: +447417449196 | text: 1
[2026-05-31T10:58:18.848Z] sessionId: ATUid_f1b065a0e8a4b560b598003620fb34cf | serviceCode: *384*46665# | phone: +447417449196 | text: 
[2026-05-31T10:58:22.668Z] sessionId: ATUid_f1b065a0e8a4b560b598003620fb34cf | serviceCode: *384*46665# | phone: +447417449196 | text: 2
[2026-05-31T11:20:39.099Z] sessionId: ATUid_e01739fdfb3486b98286f889849d741d | serviceCode: *384*46665# | phone: +447417449196 | text: 
[2026-05-31T11:20:45.345Z] sessionId: ATUid_e01739fdfb3486b98286f889849d741d | serviceCode: *384*46665# | phone: +447417449196 | text: 1
[2026-05-31T11:20:51.156Z] sessionId: ATUid_e01739fdfb3486b98286f889849d741d | serviceCode: *384*46665# | phone: +447417449196 | text: 1*shanila
[2026-05-31T11:21:02.578Z] sessionId: ATUid_e01739fdfb3486b98286f889849d741d | serviceCode: *384*46665# | phone: +447417449196 | text: 1*shanila*+44 7417449196
[2026-05-31T11:21:06.047Z] sessionId: ATUid_e01739fdfb3486b98286f889849d741d | serviceCode: *384*46665# | phone: +447417449196 | text: 1*shanila*+44 7417449196*1
[2026-05-31T11:21:12.263Z] sessionId: ATUid_91f07f1bfd7a936e2f246b07a88bacc3 | serviceCode: *384*46665# | phone: +447417449196 | text: 
[2026-05-31T11:21:14.981Z] sessionId: ATUid_91f07f1bfd7a936e2f246b07a88bacc3 | serviceCode: *384*46665# | phone: +447417449196 | text: 2
[2026-05-31T11:34:34.879Z] sessionId: ATUid_135202b462620a0f41d4f9307796a267 | serviceCode: *384*46665# | phone: +447417449196 | text: 
[2026-05-31T11:34:49.376Z] sessionId: ATUid_135202b462620a0f41d4f9307796a267 | serviceCode: *384*46665# | phone: +447417449196 | text: 1
[2026-05-31T11:34:54.740Z] sessionId: ATUid_135202b462620a0f41d4f9307796a267 | serviceCode: *384*46665# | phone: +447417449196 | text: 1*shaa
[2026-05-31T11:34:59.525Z] sessionId: ATUid_135202b462620a0f41d4f9307796a267 | serviceCode: *384*46665# | phone: +447417449196 | text: 1*shaa*32
[2026-05-31T11:35:06.123Z] sessionId: ATUid_135202b462620a0f41d4f9307796a267 | serviceCode: *384*46665# | phone: +447417449196 | text: 1*shaa*32*2
[2026-05-31T11:36:17.082Z] sessionId: ATUid_be50afb968947885224ad614a9c81d9b | serviceCode: *384*46665# | phone: +447417449196 | text: 
[2026-05-31T11:36:20.141Z] sessionId: ATUid_be50afb968947885224ad614a9c81d9b | serviceCode: *384*46665# | phone: +447417449196 | text: 1
[2026-05-31T11:36:25.658Z] sessionId: ATUid_be50afb968947885224ad614a9c81d9b | serviceCode: *384*46665# | phone: +447417449196 | text: 1*shaa
[2026-05-31T11:36:27.844Z] sessionId: ATUid_be50afb968947885224ad614a9c81d9b | serviceCode: *384*46665# | phone: +447417449196 | text: 1*shaa*3
[2026-05-31T11:36:46.273Z] sessionId: ATUid_be50afb968947885224ad614a9c81d9b | serviceCode: *384*46665# | phone: +447417449196 | text: 1*shaa*3*+447417449196
[2026-05-31T12:09:56.545Z] sessionId: ATUid_6e4082dcaa5edf7ef6f7ae3fb94fd846 | serviceCode: *384*46665# | phone: +447417449196 | text: 
[2026-05-31T12:10:11.996Z] sessionId: ATUid_6e4082dcaa5edf7ef6f7ae3fb94fd846 | serviceCode: *384*46665# | phone: +447417449196 | text: 1
[2026-05-31T12:10:50.687Z] sessionId: ATUid_6e4082dcaa5edf7ef6f7ae3fb94fd846 | serviceCode: *384*46665# | phone: +447417449196 | text: 1*High Tower
[2026-05-31T12:11:19.059Z] sessionId: ATUid_7dd3eb76a4022eaacc2ae5ed058c259a | serviceCode: *384*46665# | phone: +447417449196 | text: 
[2026-05-31T12:11:23.849Z] sessionId: ATUid_7dd3eb76a4022eaacc2ae5ed058c259a | serviceCode: *384*46665# | phone: +447417449196 | text: 1
[2026-05-31T12:11:32.028Z] sessionId: ATUid_7dd3eb76a4022eaacc2ae5ed058c259a | serviceCode: *384*46665# | phone: +447417449196 | text: 1*High Tower
[2026-05-31T12:11:42.908Z] sessionId: ATUid_7dd3eb76a4022eaacc2ae5ed058c259a | serviceCode: *384*46665# | phone: +447417449196 | text: 1*High Tower*+447417449196
[2026-05-31T12:12:03.876Z] sessionId: ATUid_7dd3eb76a4022eaacc2ae5ed058c259a | serviceCode: *384*46665# | phone: +447417449196 | text: 1*High Tower*+447417449196*0767290335
[2026-05-31T12:12:15.647Z] sessionId: ATUid_7dd3eb76a4022eaacc2ae5ed058c259a | serviceCode: *384*46665# | phone: +447417449196 | text: 1*High Tower*+447417449196*0767290335*1
[2026-05-31T13:01:23.325Z] sessionId: ATUid_0f129850cf0aa3e38d293ca80e4c1616 | serviceCode: *384*46665# | phone: +447417449196 | text: 
[2026-05-31T13:01:28.460Z] sessionId: ATUid_0f129850cf0aa3e38d293ca80e4c1616 | serviceCode: *384*46665# | phone: +447417449196 | text: 1
[2026-05-31T13:01:32.477Z] sessionId: ATUid_0f129850cf0aa3e38d293ca80e4c1616 | serviceCode: *384*46665# | phone: +447417449196 | text: 1*s
[2026-05-31T13:01:41.202Z] sessionId: ATUid_0f129850cf0aa3e38d293ca80e4c1616 | serviceCode: *384*46665# | phone: +447417449196 | text: 1*s*0767290335
[2026-05-31T13:01:50.695Z] sessionId: ATUid_0f129850cf0aa3e38d293ca80e4c1616 | serviceCode: *384*46665# | phone: +447417449196 | text: 1*s*0767290335*2
[2026-05-31T13:06:53.667Z] sessionId: ATUid_8d758e2203d58b404175e1ddb2470c4d | serviceCode: *384*46665# | phone: +447417449196 | text: 
[2026-05-31T13:07:00.988Z] sessionId: ATUid_8d758e2203d58b404175e1ddb2470c4d | serviceCode: *384*46665# | phone: +447417449196 | text: 1
[2026-05-31T13:07:04.076Z] sessionId: ATUid_8d758e2203d58b404175e1ddb2470c4d | serviceCode: *384*46665# | phone: +447417449196 | text: 1*w
[2026-05-31T13:08:53.377Z] sessionId: ATUid_5e999e75ff74e85052139441c11777ee | serviceCode: *384*46665# | phone: +447417449196 | text: 
[2026-05-31T13:08:56.214Z] sessionId: ATUid_5e999e75ff74e85052139441c11777ee | serviceCode: *384*46665# | phone: +447417449196 | text: 1
[2026-05-31T13:08:59.995Z] sessionId: ATUid_5e999e75ff74e85052139441c11777ee | serviceCode: *384*46665# | phone: +447417449196 | text: 1*0
[2026-05-31T13:09:02.350Z] sessionId: ATUid_5e999e75ff74e85052139441c11777ee | serviceCode: *384*46665# | phone: +447417449196 | text: 1*0*1
[2026-05-31T13:09:04.950Z] sessionId: ATUid_5e999e75ff74e85052139441c11777ee | serviceCode: *384*46665# | phone: +447417449196 | text: 1*0*1*w
[2026-05-31T13:09:14.504Z] sessionId: ATUid_5e999e75ff74e85052139441c11777ee | serviceCode: *384*46665# | phone: +447417449196 | text: 1*0*1*w*0
[2026-05-31T13:09:17.701Z] sessionId: ATUid_5e999e75ff74e85052139441c11777ee | serviceCode: *384*46665# | phone: +447417449196 | text: 1*0*1*w*0*w
[2026-05-31T13:09:33.202Z] sessionId: ATUid_5e999e75ff74e85052139441c11777ee | serviceCode: *384*46665# | phone: +447417449196 | text: 1*0*1*w*0*w*0767290335
[2026-05-31T13:20:46.616Z] sessionId: ATUid_c4c3dc4c414138003b5f09914c5d482c | serviceCode: *384*46665# | phone: +447417449196 | text: 
[2026-05-31T13:20:51.858Z] sessionId: ATUid_c4c3dc4c414138003b5f09914c5d482c | serviceCode: *384*46665# | phone: +447417449196 | text: 1
[2026-05-31T13:22:21.019Z] sessionId: ATUid_c23d5545afb95996cebe04b695b15b61 | serviceCode: *384*46665# | phone: +447417449196 | text: 
[2026-05-31T13:22:28.061Z] sessionId: ATUid_c23d5545afb95996cebe04b695b15b61 | serviceCode: *384*46665# | phone: +447417449196 | text: 1
[2026-05-31T13:25:19.501Z] sessionId: ATUid_8575356da124ce6fec27d42a189d03f2 | serviceCode: *384*46665# | phone: +447417449196 | text: 
[2026-05-31T13:25:21.970Z] sessionId: ATUid_8575356da124ce6fec27d42a189d03f2 | serviceCode: *384*46665# | phone: +447417449196 | text: 1
[2026-05-31T13:32:26.099Z] sessionId: ATUid_473032bbfb91dc79eace02e3a7971ae8 | serviceCode: *384*46665# | phone: +447417449196 | text: 
[2026-05-31T13:32:39.797Z] sessionId: ATUid_473032bbfb91dc79eace02e3a7971ae8 | serviceCode: *384*46665# | phone: +447417449196 | text: 1
[2026-05-31T13:32:48.012Z] sessionId: ATUid_473032bbfb91dc79eace02e3a7971ae8 | serviceCode: *384*46665# | phone: +447417449196 | text: 1*s
[2026-05-31T13:32:57.509Z] sessionId: ATUid_473032bbfb91dc79eace02e3a7971ae8 | serviceCode: *384*46665# | phone: +447417449196 | text: 1*s*2
[2026-06-06T23:38:15.026Z] sessionId: ATUid_f5e385873a93a77ee7ed45e495bc98d4 | serviceCode: *384*46665# | phone: +255767290335 | text: 
[2026-06-06T23:38:20.130Z] sessionId: ATUid_f5e385873a93a77ee7ed45e495bc98d4 | serviceCode: *384*46665# | phone: +255767290335 | text: 1
[2026-06-06T23:38:26.931Z] sessionId: ATUid_e49cc2e6ac454f1c6b0bd6436795c074 | serviceCode: *384*46665# | phone: +255767290335 | text: 
[2026-06-06T23:38:29.459Z] sessionId: ATUid_e49cc2e6ac454f1c6b0bd6436795c074 | serviceCode: *384*46665# | phone: +255767290335 | text: 1
[2026-06-06T23:41:55.034Z] sessionId: ATUid_3ac3adfa17055d83425356a5670878c3 | serviceCode: *384*46665# | phone: +255767290335 | text: 
[2026-06-06T23:41:58.224Z] sessionId: ATUid_3ac3adfa17055d83425356a5670878c3 | serviceCode: *384*46665# | phone: +255767290335 | text: 1
[2026-06-06T23:43:38.164Z] sessionId: ATUid_9424ed5310f0bc8a14865efeb6ec5807 | serviceCode: *384*46665# | phone: +255767290335 | text: 
[2026-06-06T23:43:41.079Z] sessionId: ATUid_9424ed5310f0bc8a14865efeb6ec5807 | serviceCode: *384*46665# | phone: +255767290335 | text: 1
[2026-06-06T23:47:36.339Z] sessionId: ATUid_989b9a4169c3de53c751d8c3ed209bc7 | serviceCode: *384*46665# | phone: +255767290335 | text: 
[2026-06-06T23:47:40.187Z] sessionId: ATUid_989b9a4169c3de53c751d8c3ed209bc7 | serviceCode: *384*46665# | phone: +255767290335 | text: 1
[2026-06-06T23:49:30.618Z] sessionId: ATUid_03d29ee5c7b2b0f1a5dcbfb9453a7156 | serviceCode: *384*46665# | phone: +255767290335 | text: 
[2026-06-06T23:49:33.204Z] sessionId: ATUid_03d29ee5c7b2b0f1a5dcbfb9453a7156 | serviceCode: *384*46665# | phone: +255767290335 | text: 1
[2026-06-06T23:50:58.295Z] sessionId: ATUid_5096b739399deae0c5159503f3c01150 | serviceCode: *384*46665# | phone: +255767290335 | text: 
[2026-06-06T23:51:00.903Z] sessionId: ATUid_5096b739399deae0c5159503f3c01150 | serviceCode: *384*46665# | phone: +255767290335 | text: 1
[2026-06-06T23:52:06.267Z] sessionId: ATUid_0c14df46a6da61763439b0d4a883f80c | serviceCode: *384*46665# | phone: +255767290335 | text: 
[2026-06-06T23:52:08.737Z] sessionId: ATUid_0c14df46a6da61763439b0d4a883f80c | serviceCode: *384*46665# | phone: +255767290335 | text: 1
[2026-06-07T00:02:59.580Z] sessionId: ATUid_12c59cd3bda6ea73676f7800cc88f2ef | serviceCode: *384*46665# | phone: +255767290335 | text: 
[2026-06-07T00:03:02.544Z] sessionId: ATUid_12c59cd3bda6ea73676f7800cc88f2ef | serviceCode: *384*46665# | phone: +255767290335 | text: 1
[2026-06-07T00:05:17.489Z] sessionId: ATUid_a33b390ddc46e9dd29af6b6912810081 | serviceCode: *384*46665# | phone: +255767290335 | text: 
[2026-06-07T00:05:20.046Z] sessionId: ATUid_a33b390ddc46e9dd29af6b6912810081 | serviceCode: *384*46665# | phone: +255767290335 | text: 1
[2026-06-07T00:05:46.355Z] sessionId: ATUid_a33b390ddc46e9dd29af6b6912810081 | serviceCode: *384*46665# | phone: +255767290335 | text: 1*Oder delivery
[2026-06-07T00:06:02.212Z] sessionId: ATUid_a33b390ddc46e9dd29af6b6912810081 | serviceCode: *384*46665# | phone: +255767290335 | text: 1*Oder delivery*0767290335
[2026-06-07T00:06:05.580Z] sessionId: ATUid_a33b390ddc46e9dd29af6b6912810081 | serviceCode: *384*46665# | phone: +255767290335 | text: 1*Oder delivery*0767290335*1
[2026-06-07T00:51:35.623Z] sessionId: ATUid_b444cbc732db4f0593f1e5a2facee996 | serviceCode: *384*46665# | phone: +255767290335 | text: 
[2026-06-07T00:51:38.310Z] sessionId: ATUid_b444cbc732db4f0593f1e5a2facee996 | serviceCode: *384*46665# | phone: +255767290335 | text: 1
[2026-06-07T00:52:23.506Z] sessionId: ATUid_b444cbc732db4f0593f1e5a2facee996 | serviceCode: *384*46665# | phone: +255767290335 | text: 1*Buses Investigation
[2026-06-07T00:54:10.183Z] sessionId: ATUid_4a62837fb338f5c575e4ed852baebdb4 | serviceCode: *384*46665# | phone: +255767290335 | text: 
[2026-06-07T00:54:13.005Z] sessionId: ATUid_4a62837fb338f5c575e4ed852baebdb4 | serviceCode: *384*46665# | phone: +255767290335 | text: 1
[2026-06-07T00:54:20.677Z] sessionId: ATUid_4a62837fb338f5c575e4ed852baebdb4 | serviceCode: *384*46665# | phone: +255767290335 | text: 1*Buses Delivery
[2026-06-07T00:54:27.870Z] sessionId: ATUid_4a62837fb338f5c575e4ed852baebdb4 | serviceCode: *384*46665# | phone: +255767290335 | text: 1*Buses Delivery*0767290335
[2026-06-07T00:54:31.880Z] sessionId: ATUid_4a62837fb338f5c575e4ed852baebdb4 | serviceCode: *384*46665# | phone: +255767290335 | text: 1*Buses Delivery*0767290335*1
[2026-06-07T22:29:16.381Z] sessionId: ATUid_4620294e97fc66c0ea5a2a38e782ebaf | serviceCode: *384*46665# | phone: +447417449196 | text: 
[2026-06-07T22:29:19.757Z] sessionId: ATUid_4620294e97fc66c0ea5a2a38e782ebaf | serviceCode: *384*46665# | phone: +447417449196 | text: 1
[2026-06-07T22:29:22.459Z] sessionId: ATUid_4620294e97fc66c0ea5a2a38e782ebaf | serviceCode: *384*46665# | phone: +447417449196 | text: 1*1
[2026-06-07T22:29:29.941Z] sessionId: ATUid_551507c8fdf33176e0c190c9e4981b4d | serviceCode: *384*46665# | phone: +447417449196 | text: 
[2026-06-07T22:29:34.170Z] sessionId: ATUid_551507c8fdf33176e0c190c9e4981b4d | serviceCode: *384*46665# | phone: +447417449196 | text: 1
[2026-06-07T22:29:47.405Z] sessionId: ATUid_551507c8fdf33176e0c190c9e4981b4d | serviceCode: *384*46665# | phone: +447417449196 | text: 1*Education services
[2026-06-07T22:29:55.225Z] sessionId: ATUid_551507c8fdf33176e0c190c9e4981b4d | serviceCode: *384*46665# | phone: +447417449196 | text: 1*Education services*0767290335
[2026-06-07T22:29:58.803Z] sessionId: ATUid_551507c8fdf33176e0c190c9e4981b4d | serviceCode: *384*46665# | phone: +447417449196 | text: 1*Education services*0767290335*1
[2026-06-07T22:31:28.510Z] sessionId: ATUid_eac10d1e12f87c3140d9e933e3260a26 | serviceCode: *384*46665# | phone: +447417449196 | text: 
[2026-06-07T22:32:03.107Z] sessionId: ATUid_4bca0fa8119c5b984d79ad28b8327331 | serviceCode: *384*46665# | phone: +447417449196 | text: 
[2026-06-07T22:32:07.881Z] sessionId: ATUid_4bca0fa8119c5b984d79ad28b8327331 | serviceCode: *384*46665# | phone: +447417449196 | text: 1
[2026-06-07T22:32:25.350Z] sessionId: ATUid_4bca0fa8119c5b984d79ad28b8327331 | serviceCode: *384*46665# | phone: +447417449196 | text: 1*Car Management
[2026-06-07T22:32:35.979Z] sessionId: ATUid_4bca0fa8119c5b984d79ad28b8327331 | serviceCode: *384*46665# | phone: +447417449196 | text: 1*Car Management*0768390235
[2026-06-07T22:32:38.878Z] sessionId: ATUid_4bca0fa8119c5b984d79ad28b8327331 | serviceCode: *384*46665# | phone: +447417449196 | text: 1*Car Management*0768390235*1
[2026-06-07T22:38:42.086Z] sessionId: ATUid_0fc52196d0852cff14c86b2651a1f20e | serviceCode: *384*46665# | phone: +447417449196 | text: 
[2026-06-07T22:38:45.083Z] sessionId: ATUid_0fc52196d0852cff14c86b2651a1f20e | serviceCode: *384*46665# | phone: +447417449196 | text: 1
[2026-06-07T22:38:50.836Z] sessionId: ATUid_0fc52196d0852cff14c86b2651a1f20e | serviceCode: *384*46665# | phone: +447417449196 | text: 1*Buses Delivery
[2026-06-07T22:38:58.135Z] sessionId: ATUid_0fc52196d0852cff14c86b2651a1f20e | serviceCode: *384*46665# | phone: +447417449196 | text: 1*Buses Delivery*0735623892
[2026-06-07T22:39:00.399Z] sessionId: ATUid_0fc52196d0852cff14c86b2651a1f20e | serviceCode: *384*46665# | phone: +447417449196 | text: 1*Buses Delivery*0735623892*1
[2026-06-07T22:58:37.307Z] sessionId: ATUid_a837048b3c4252ef38f56c85f8190bad | serviceCode: *384*46665# | phone: +447417449196 | text: 
[2026-06-07T22:58:43.895Z] sessionId: ATUid_a837048b3c4252ef38f56c85f8190bad | serviceCode: *384*46665# | phone: +447417449196 | text: 1
[2026-06-07T22:58:57.646Z] sessionId: ATUid_a837048b3c4252ef38f56c85f8190bad | serviceCode: *384*46665# | phone: +447417449196 | text: 1*chemicals
[2026-06-07T22:59:04.400Z] sessionId: ATUid_a837048b3c4252ef38f56c85f8190bad | serviceCode: *384*46665# | phone: +447417449196 | text: 1*chemicals*0767290445
[2026-06-07T22:59:06.434Z] sessionId: ATUid_a837048b3c4252ef38f56c85f8190bad | serviceCode: *384*46665# | phone: +447417449196 | text: 1*chemicals*0767290445*1
[2026-06-08T15:44:08.324Z] sessionId: ATUid_8cb584c10634cf7d92c0d0d04ecdd40e | serviceCode: *384*46665# | phone: +447417449196 | text: 
[2026-06-08T15:44:11.257Z] sessionId: ATUid_8cb584c10634cf7d92c0d0d04ecdd40e | serviceCode: *384*46665# | phone: +447417449196 | text: 1
[2026-06-08T15:44:21.472Z] sessionId: ATUid_8cb584c10634cf7d92c0d0d04ecdd40e | serviceCode: *384*46665# | phone: +447417449196 | text: 1*Preview
[2026-06-08T15:44:29.161Z] sessionId: ATUid_8cb584c10634cf7d92c0d0d04ecdd40e | serviceCode: *384*46665# | phone: +447417449196 | text: 1*Preview*0767345276
[2026-06-08T15:44:32.070Z] sessionId: ATUid_8cb584c10634cf7d92c0d0d04ecdd40e | serviceCode: *384*46665# | phone: +447417449196 | text: 1*Preview*0767345276*1
[2026-06-08T17:26:08.009Z] sessionId: ATUid_02bed71436184c6638ac9b2f5fc61f68 | serviceCode: *384*46665# | phone: +447417449196 | text: 
[2026-06-08T17:26:11.418Z] sessionId: ATUid_02bed71436184c6638ac9b2f5fc61f68 | serviceCode: *384*46665# | phone: +447417449196 | text: 2
[2026-06-08T17:26:18.397Z] sessionId: ATUid_3d1fa509c0b0e53ae5cc4d4b58720646 | serviceCode: *384*46665# | phone: +447417449196 | text: 
[2026-06-08T17:26:21.051Z] sessionId: ATUid_3d1fa509c0b0e53ae5cc4d4b58720646 | serviceCode: *384*46665# | phone: +447417449196 | text: 1
[2026-06-08T17:29:08.905Z] sessionId: ATUid_4f00a6ba1ce7270a19659667fc67fa75 | serviceCode: *384*46665# | phone: +447417449196 | text: 
[2026-06-08T17:29:12.688Z] sessionId: ATUid_4f00a6ba1ce7270a19659667fc67fa75 | serviceCode: *384*46665# | phone: +447417449196 | text: 1
[2026-06-08T17:29:17.998Z] sessionId: ATUid_865b551c697865887f454367a6e40952 | serviceCode: *384*46665# | phone: +447417449196 | text: 
[2026-06-08T17:29:20.931Z] sessionId: ATUid_865b551c697865887f454367a6e40952 | serviceCode: *384*46665# | phone: +447417449196 | text: 2
[2026-06-08T17:29:24.552Z] sessionId: ATUid_865b551c697865887f454367a6e40952 | serviceCode: *384*46665# | phone: +447417449196 | text: 2*1
[2026-06-08T17:29:38.996Z] sessionId: ATUid_865b551c697865887f454367a6e40952 | serviceCode: *384*46665# | phone: +447417449196 | text: 2*1*Cooking Utilities
[2026-06-08T17:29:45.116Z] sessionId: ATUid_865b551c697865887f454367a6e40952 | serviceCode: *384*46665# | phone: +447417449196 | text: 2*1*Cooking Utilities*0767456356
[2026-06-08T17:29:47.686Z] sessionId: ATUid_865b551c697865887f454367a6e40952 | serviceCode: *384*46665# | phone: +447417449196 | text: 2*1*Cooking Utilities*0767456356*1
[2026-06-08T19:00:48.677Z] sessionId: ATUid_fb369a64fa2ac1ecc9bb469223fb062f | serviceCode: *384*46665# | phone: +447417449196 | text: 
[2026-06-08T19:00:54.466Z] sessionId: ATUid_fb369a64fa2ac1ecc9bb469223fb062f | serviceCode: *384*46665# | phone: +447417449196 | text: 2
[2026-06-08T19:00:58.446Z] sessionId: ATUid_fb369a64fa2ac1ecc9bb469223fb062f | serviceCode: *384*46665# | phone: +447417449196 | text: 2*1
[2026-06-08T19:01:43.665Z] sessionId: ATUid_fb369a64fa2ac1ecc9bb469223fb062f | serviceCode: *384*46665# | phone: +447417449196 | text: 2*1*Delivery Packages
[2026-06-08T19:02:00.967Z] sessionId: ATUid_3fe4283e82db30345ba7671606cd4a6f | serviceCode: *384*46665# | phone: +447417449196 | text: 
[2026-06-08T19:02:03.146Z] sessionId: ATUid_3fe4283e82db30345ba7671606cd4a6f | serviceCode: *384*46665# | phone: +447417449196 | text: 2
[2026-06-08T19:02:05.248Z] sessionId: ATUid_3fe4283e82db30345ba7671606cd4a6f | serviceCode: *384*46665# | phone: +447417449196 | text: 2*1
[2026-06-08T19:02:12.820Z] sessionId: ATUid_3fe4283e82db30345ba7671606cd4a6f | serviceCode: *384*46665# | phone: +447417449196 | text: 2*1*Delivery
[2026-06-08T19:02:17.727Z] sessionId: ATUid_3fe4283e82db30345ba7671606cd4a6f | serviceCode: *384*46665# | phone: +447417449196 | text: 2*1*Delivery*073547652
[2026-06-08T19:02:27.355Z] sessionId: ATUid_3fe4283e82db30345ba7671606cd4a6f | serviceCode: *384*46665# | phone: +447417449196 | text: 2*1*Delivery*073547652*0767456337
[2026-06-08T19:02:29.672Z] sessionId: ATUid_3fe4283e82db30345ba7671606cd4a6f | serviceCode: *384*46665# | phone: +447417449196 | text: 2*1*Delivery*073547652*0767456337*1
[2026-06-08T19:06:47.666Z] sessionId: ATUid_f1656f7cba5838f3194067a96bfb4571 | serviceCode: *384*46665# | phone: +447417449196 | text: 
[2026-06-08T19:06:50.419Z] sessionId: ATUid_f1656f7cba5838f3194067a96bfb4571 | serviceCode: *384*46665# | phone: +447417449196 | text: 2
[2026-06-08T19:06:55.928Z] sessionId: ATUid_f1656f7cba5838f3194067a96bfb4571 | serviceCode: *384*46665# | phone: +447417449196 | text: 2*1
[2026-06-08T19:06:59.647Z] sessionId: ATUid_f1656f7cba5838f3194067a96bfb4571 | serviceCode: *384*46665# | phone: +447417449196 | text: 2*1*h
[2026-06-08T19:07:05.873Z] sessionId: ATUid_f1656f7cba5838f3194067a96bfb4571 | serviceCode: *384*46665# | phone: +447417449196 | text: 2*1*h*0767676767
[2026-06-08T19:07:12.542Z] sessionId: ATUid_f1656f7cba5838f3194067a96bfb4571 | serviceCode: *384*46665# | phone: +447417449196 | text: 2*1*h*0767676767*2
[2026-06-08T19:07:38.563Z] sessionId: ATUid_fbaa4bb9a165f51776f1c87d35d04917 | serviceCode: *384*46665# | phone: +447417449196 | text: 
[2026-06-08T19:07:42.406Z] sessionId: ATUid_fbaa4bb9a165f51776f1c87d35d04917 | serviceCode: *384*46665# | phone: +447417449196 | text: 2
[2026-06-08T19:10:01.397Z] sessionId: ATUid_c719ca59644342b4b29549e4b4179b02 | serviceCode: *384*46665# | phone: +447417449196 | text: 
[2026-06-08T19:10:05.636Z] sessionId: ATUid_c719ca59644342b4b29549e4b4179b02 | serviceCode: *384*46665# | phone: +447417449196 | text: 2
[2026-06-08T19:10:07.634Z] sessionId: ATUid_c719ca59644342b4b29549e4b4179b02 | serviceCode: *384*46665# | phone: +447417449196 | text: 2*1
[2026-06-08T19:10:09.421Z] sessionId: ATUid_c719ca59644342b4b29549e4b4179b02 | serviceCode: *384*46665# | phone: +447417449196 | text: 2*1*e
[2026-06-08T19:10:15.219Z] sessionId: ATUid_c719ca59644342b4b29549e4b4179b02 | serviceCode: *384*46665# | phone: +447417449196 | text: 2*1*e*0987654321
[2026-06-08T19:10:24.325Z] sessionId: ATUid_c719ca59644342b4b29549e4b4179b02 | serviceCode: *384*46665# | phone: +447417449196 | text: 2*1*e*0987654321*2
[2026-06-08T19:10:31.894Z] sessionId: ATUid_73647bb96b35385df80138af2f1e141b | serviceCode: *384*46665# | phone: +447417449196 | text: 
[2026-06-08T19:10:38.644Z] sessionId: ATUid_73647bb96b35385df80138af2f1e141b | serviceCode: *384*46665# | phone: +447417449196 | text: 2
[2026-06-08T19:10:40.796Z] sessionId: ATUid_73647bb96b35385df80138af2f1e141b | serviceCode: *384*46665# | phone: +447417449196 | text: 2*1
[2026-06-08T19:10:42.619Z] sessionId: ATUid_73647bb96b35385df80138af2f1e141b | serviceCode: *384*46665# | phone: +447417449196 | text: 2*1*e
[2026-06-08T19:10:50.142Z] sessionId: ATUid_20144e542421d8aac1fcd6d2c1e788ff | serviceCode: *384*46665# | phone: +447417449196 | text: 
[2026-06-08T19:10:53.415Z] sessionId: ATUid_20144e542421d8aac1fcd6d2c1e788ff | serviceCode: *384*46665# | phone: +447417449196 | text: 2
[2026-06-08T19:10:57.900Z] sessionId: ATUid_20144e542421d8aac1fcd6d2c1e788ff | serviceCode: *384*46665# | phone: +447417449196 | text: 2*d
[2026-06-08T19:17:40.736Z] sessionId: ATUid_7b4e814cad825b15f8f193d5d5dc5b48 | serviceCode: *384*46665# | phone: +447417449196 | text: 
[2026-06-08T19:18:25.319Z] sessionId: ATUid_c5c1d95ac8c7bf681b5420c3c8fc5690 | serviceCode: *384*46665# | phone: +447417449196 | text: 
[2026-06-08T19:18:28.792Z] sessionId: ATUid_c5c1d95ac8c7bf681b5420c3c8fc5690 | serviceCode: *384*46665# | phone: +447417449196 | text: 2
[2026-06-08T19:18:36.066Z] sessionId: ATUid_c5c1d95ac8c7bf681b5420c3c8fc5690 | serviceCode: *384*46665# | phone: +447417449196 | text: 2*1
[2026-06-08T21:59:53.407Z] sessionId: ATUid_b2d705b170ca69429992808c334bcbf1 | serviceCode: *384*46665# | phone: +447417449196 | text: 
[2026-06-08T22:00:20.443Z] sessionId: ATUid_bcef97f9e5832d9cc76f086bcd332eef | serviceCode: *384*46665# | phone: +447417449196 | text: 
[2026-06-08T22:00:53.682Z] sessionId: ATUid_bcef97f9e5832d9cc76f086bcd332eef | serviceCode: *384*46665# | phone: +447417449196 | text: 8
[2026-06-08T22:00:57.414Z] sessionId: ATUid_bcef97f9e5832d9cc76f086bcd332eef | serviceCode: *384*46665# | phone: +447417449196 | text: 8*6
[2026-06-08T22:01:00.578Z] sessionId: ATUid_bcef97f9e5832d9cc76f086bcd332eef | serviceCode: *384*46665# | phone: +447417449196 | text: 8*6*3
[2026-06-08T22:01:05.543Z] sessionId: ATUid_bcef97f9e5832d9cc76f086bcd332eef | serviceCode: *384*46665# | phone: +447417449196 | text: 8*6*3*2
[2026-06-08T22:02:57.590Z] sessionId: ATUid_52178feb6ec6b5784604240117f6d5b9 | serviceCode: *384*46665# | phone: +447417449196 | text: 
[2026-06-08T22:03:02.400Z] sessionId: ATUid_0e5e17b8d60958bde50ed67f042059a0 | serviceCode: *384*46665# | phone: +447417449196 | text: 
[2026-06-08T22:05:24.350Z] sessionId: ATUid_7a185786238b4e6cd37f82f0d282dd14 | serviceCode: *384*46665# | phone: +447417449196 | text: 
[2026-06-08T22:42:02.499Z] sessionId: ATUid_23e42a45217801e5f3443098ac88104e | serviceCode: *384*46665# | phone: +447417449196 | text: 
[2026-06-08T22:42:53.398Z] sessionId: ATUid_fdf084574aff8fd7151ab9370539a6eb | serviceCode: *384*46665# | phone: +447417449196 | text: 
[2026-06-08T22:42:57.068Z] sessionId: ATUid_fdf084574aff8fd7151ab9370539a6eb | serviceCode: *384*46665# | phone: +447417449196 | text: 1
[2026-06-08T22:43:00.424Z] sessionId: ATUid_fdf084574aff8fd7151ab9370539a6eb | serviceCode: *384*46665# | phone: +447417449196 | text: 1*1
[2026-06-08T22:43:02.897Z] sessionId: ATUid_fdf084574aff8fd7151ab9370539a6eb | serviceCode: *384*46665# | phone: +447417449196 | text: 1*1*d
[2026-06-08T22:43:07.987Z] sessionId: ATUid_fdf084574aff8fd7151ab9370539a6eb | serviceCode: *384*46665# | phone: +447417449196 | text: 1*1*d*0787675645
[2026-06-08T22:43:28.594Z] sessionId: ATUid_bda56768b152cd21f5e89509afdc9171 | serviceCode: *384*46665# | phone: +447417449196 | text: 
[2026-06-08T22:43:31.126Z] sessionId: ATUid_bda56768b152cd21f5e89509afdc9171 | serviceCode: *384*46665# | phone: +447417449196 | text: 2
[2026-06-08T22:43:34.806Z] sessionId: ATUid_bda56768b152cd21f5e89509afdc9171 | serviceCode: *384*46665# | phone: +447417449196 | text: 2*3
[2026-06-08T22:43:42.200Z] sessionId: ATUid_bda56768b152cd21f5e89509afdc9171 | serviceCode: *384*46665# | phone: +447417449196 | text: 2*3*r
[2026-06-08T22:43:45.148Z] sessionId: ATUid_bda56768b152cd21f5e89509afdc9171 | serviceCode: *384*46665# | phone: +447417449196 | text: 2*3*r*1
[2026-06-08T22:43:50.018Z] sessionId: ATUid_bda56768b152cd21f5e89509afdc9171 | serviceCode: *384*46665# | phone: +447417449196 | text: 2*3*r*1*0
[2026-06-08T23:08:54.595Z] sessionId: ATUid_af1f921f76fc43eba6ab9fefb0c29aaf | serviceCode: *384*46665# | phone: +447417449196 | text: 
[2026-06-08T23:08:58.308Z] sessionId: ATUid_af1f921f76fc43eba6ab9fefb0c29aaf | serviceCode: *384*46665# | phone: +447417449196 | text: 3
[2026-06-08T23:09:03.471Z] sessionId: ATUid_af1f921f76fc43eba6ab9fefb0c29aaf | serviceCode: *384*46665# | phone: +447417449196 | text: 3*1
[2026-06-08T23:09:11.131Z] sessionId: ATUid_af1f921f76fc43eba6ab9fefb0c29aaf | serviceCode: *384*46665# | phone: +447417449196 | text: 3*1*Adios
[2026-06-08T23:09:22.568Z] sessionId: ATUid_af1f921f76fc43eba6ab9fefb0c29aaf | serviceCode: *384*46665# | phone: +447417449196 | text: 3*1*Adios*0745634523
[2026-06-08T23:09:28.163Z] sessionId: ATUid_af1f921f76fc43eba6ab9fefb0c29aaf | serviceCode: *384*46665# | phone: +447417449196 | text: 3*1*Adios*0745634523*1
[2026-06-08T23:23:14.567Z] sessionId: ATUid_c6db00c2a219305b04eae9b3903a115b | serviceCode: *384*46665# | phone: +447417449196 | text: 
[2026-06-08T23:23:18.263Z] sessionId: ATUid_c6db00c2a219305b04eae9b3903a115b | serviceCode: *384*46665# | phone: +447417449196 | text: 4
[2026-06-08T23:23:25.619Z] sessionId: ATUid_325b43e3c099971c84c3f4a51e15b9e1 | serviceCode: *384*46665# | phone: +447417449196 | text: 
[2026-06-08T23:23:28.342Z] sessionId: ATUid_325b43e3c099971c84c3f4a51e15b9e1 | serviceCode: *384*46665# | phone: +447417449196 | text: 3
[2026-06-08T23:25:27.753Z] sessionId: ATUid_6334f87352085c616abb2ef3b6cae86b | serviceCode: *384*46665# | phone: +447417449196 | text: 
[2026-06-08T23:25:31.122Z] sessionId: ATUid_6334f87352085c616abb2ef3b6cae86b | serviceCode: *384*46665# | phone: +447417449196 | text: 3
[2026-06-08T23:32:02.228Z] sessionId: ATUid_992c29901cf2d930d231204be97495b7 | serviceCode: *384*46665# | phone: +447417449196 | text: 
[2026-06-08T23:32:06.018Z] sessionId: ATUid_992c29901cf2d930d231204be97495b7 | serviceCode: *384*46665# | phone: +447417449196 | text: 3
[2026-06-08T23:32:09.360Z] sessionId: ATUid_992c29901cf2d930d231204be97495b7 | serviceCode: *384*46665# | phone: +447417449196 | text: 3*4
[2026-06-08T23:46:06.587Z] sessionId: ATUid_7614757e71d72937290df82599e6f4e2 | serviceCode: *384*46665# | phone: +447417449196 | text: 
[2026-06-08T23:46:10.491Z] sessionId: ATUid_7614757e71d72937290df82599e6f4e2 | serviceCode: *384*46665# | phone: +447417449196 | text: 1
[2026-06-08T23:46:15.407Z] sessionId: ATUid_7614757e71d72937290df82599e6f4e2 | serviceCode: *384*46665# | phone: +447417449196 | text: 1*3
[2026-06-08T23:46:18.931Z] sessionId: ATUid_7614757e71d72937290df82599e6f4e2 | serviceCode: *384*46665# | phone: +447417449196 | text: 1*3*1
[2026-06-08T23:46:23.719Z] sessionId: ATUid_7614757e71d72937290df82599e6f4e2 | serviceCode: *384*46665# | phone: +447417449196 | text: 1*3*1*e
[2026-06-08T23:46:30.330Z] sessionId: ATUid_7614757e71d72937290df82599e6f4e2 | serviceCode: *384*46665# | phone: +447417449196 | text: 1*3*1*e*097688666355
[2026-06-08T23:46:35.471Z] sessionId: ATUid_7614757e71d72937290df82599e6f4e2 | serviceCode: *384*46665# | phone: +447417449196 | text: 1*3*1*e*097688666355*0767845635
[2026-06-08T23:46:38.090Z] sessionId: ATUid_7614757e71d72937290df82599e6f4e2 | serviceCode: *384*46665# | phone: +447417449196 | text: 1*3*1*e*097688666355*0767845635*1
[2026-06-08T23:50:26.626Z] sessionId: ATUid_e2a5238e159b007d97075da7a237ccad | serviceCode: *384*46665# | phone: +447417449196 | text: 
[2026-06-08T23:50:30.036Z] sessionId: ATUid_e2a5238e159b007d97075da7a237ccad | serviceCode: *384*46665# | phone: +447417449196 | text: 2
[2026-06-08T23:50:39.736Z] sessionId: ATUid_e2a5238e159b007d97075da7a237ccad | serviceCode: *384*46665# | phone: +447417449196 | text: 2*1
[2026-06-08T23:50:46.216Z] sessionId: ATUid_e2a5238e159b007d97075da7a237ccad | serviceCode: *384*46665# | phone: +447417449196 | text: 2*1*My oder
[2026-06-08T23:56:28.599Z] sessionId: ATUid_48bac7c7a72c236873ad43b0e5b364e5 | serviceCode: *384*46665# | phone: +447417449196 | text: 
[2026-06-08T23:56:31.618Z] sessionId: ATUid_48bac7c7a72c236873ad43b0e5b364e5 | serviceCode: *384*46665# | phone: +447417449196 | text: 1
[2026-06-08T23:56:34.536Z] sessionId: ATUid_48bac7c7a72c236873ad43b0e5b364e5 | serviceCode: *384*46665# | phone: +447417449196 | text: 1*1
[2026-06-08T23:56:39.202Z] sessionId: ATUid_48bac7c7a72c236873ad43b0e5b364e5 | serviceCode: *384*46665# | phone: +447417449196 | text: 1*1*h
[2026-06-08T23:57:03.773Z] sessionId: ATUid_48bac7c7a72c236873ad43b0e5b364e5 | serviceCode: *384*46665# | phone: +447417449196 | text: 1*1*h*0
